41 42 43 45 55 70 80 90 100
Sample Answer: 
41
B 8 6
E
E
E
E
E
E
E
R 8 6 8 7
R 8 7 9 7
B 9 7
E
E
E
E
E
E
E
E
R 8 7 7 7
B 7 7
E
E
E
R 8 6 8 5
R 8 5 8 4
B 8 4
E
E
E
E
R 8 4 7 4
R 7 4 6 4
B 6 4
E
E
E
E
R 6 4 5 4
R 5 4 4 4
B 4 4
E
E
E
E
R 4 4 4 3
R 4 3 3 3
B 3 3
E
E
E
E
R 4 3 4 2
B 4 2
E
E
E
E
E
R 3 3 2 3
R 2 3 2 4
B 2 4
E
E
R 4 3 5 3
B 5 3
E
